// Jest Snapshot v1, https://goo.gl/fbAQLP

exports[`unicodemap Should have unicode values 1`] = `
Object {
  "161": 173,
  "162": 155,
  "163": 156,
  "165": 157,
  "167": 21,
  "170": 166,
  "171": 174,
  "172": 170,
  "176": 248,
  "177": 241,
  "178": 253,
  "181": 230,
  "182": 20,
  "183": 250,
  "186": 167,
  "187": 175,
  "188": 172,
  "189": 171,
  "191": 168,
  "196": 142,
  "197": 143,
  "198": 146,
  "199": 128,
  "201": 144,
  "209": 165,
  "214": 153,
  "220": 154,
  "223": 225,
  "224": 133,
  "225": 160,
  "226": 131,
  "228": 132,
  "229": 134,
  "230": 145,
  "231": 135,
  "232": 138,
  "233": 130,
  "234": 136,
  "235": 137,
  "236": 141,
  "237": 161,
  "238": 140,
  "239": 139,
  "241": 164,
  "242": 149,
  "243": 162,
  "244": 147,
  "246": 148,
  "247": 246,
  "249": 151,
  "250": 163,
  "251": 150,
  "252": 129,
  "255": 152,
  "402": 159,
  "8226": 7,
  "8252": 19,
  "8319": 252,
  "8359": 158,
  "8592": 27,
  "8593": 24,
  "8594": 26,
  "8595": 25,
  "8596": 29,
  "8597": 18,
  "8616": 23,
  "8729": 249,
  "8730": 251,
  "8734": 236,
  "8735": 28,
  "8745": 239,
  "8776": 247,
  "8801": 240,
  "8804": 243,
  "8805": 242,
  "8962": 127,
  "8976": 169,
  "8992": 244,
  "8993": 245,
  "915": 226,
  "920": 233,
  "931": 228,
  "934": 232,
  "937": 234,
  "945": 224,
  "9472": 196,
  "9474": 179,
  "948": 235,
  "9484": 218,
  "9488": 191,
  "949": 238,
  "9492": 192,
  "9496": 217,
  "9500": 195,
  "9508": 180,
  "9516": 194,
  "9524": 193,
  "9532": 197,
  "9552": 205,
  "9553": 186,
  "9554": 213,
  "9555": 214,
  "9556": 201,
  "9557": 184,
  "9558": 183,
  "9559": 187,
  "9560": 212,
  "9561": 211,
  "9562": 200,
  "9563": 190,
  "9564": 189,
  "9565": 188,
  "9566": 198,
  "9567": 199,
  "9568": 204,
  "9569": 181,
  "9570": 182,
  "9571": 185,
  "9572": 209,
  "9573": 210,
  "9574": 203,
  "9575": 207,
  "9576": 208,
  "9577": 202,
  "9578": 216,
  "9579": 215,
  "9580": 206,
  "960": 227,
  "9600": 223,
  "9604": 220,
  "9608": 219,
  "9612": 221,
  "9616": 222,
  "9617": 176,
  "9618": 177,
  "9619": 178,
  "963": 229,
  "9632": 254,
  "964": 231,
  "9644": 22,
  "9650": 30,
  "9658": 16,
  "966": 237,
  "9660": 31,
  "9668": 17,
  "9675": 9,
  "9688": 8,
  "9689": 10,
  "9786": 1,
  "9787": 2,
  "9788": 15,
  "9792": 12,
  "9794": 11,
  "9824": 6,
  "9827": 5,
  "9829": 3,
  "9830": 4,
  "9834": 13,
  "9835": 14,
}
`;
